[2026-01-19 12:56:42,300][INFO] - Logs will be saved to outputs/racformer_with_rwhi/2026-01-19/12-56-42
[2026-01-19 12:56:42,326][INFO] - Using GPU: Quadro RTX 8000
[2026-01-19 12:56:42,326][INFO] - Initializing DDP with 2 GPUs...
[2026-01-19 12:56:42,327][INFO] - Setting random seed: 0
[2026-01-19 12:56:42,328][INFO] - Loading training set from data/nuscenes/
[2026-01-19 12:56:57,086][INFO] - Loading validation set from data/nuscenes/
[2026-01-19 12:57:00,962][INFO] - Creating model: RaCFormer
[2026-01-19 12:57:01,802][INFO] - Model:
RaCFormer(
  (pts_bbox_head): RaCFormerHead(
    (loss_cls): FocalLoss()
    (loss_bbox): L1Loss()
    (loss_iou): GIoULoss()
    (activate): ReLU(inplace=True)
    (positional_encoding): SinePositionalEncoding(num_feats=128, temperature=10000, normalize=True, scale=6.283185307179586, eps=1e-06)
    (transformer): RaCFormerTransformer(
      (decoder): RaCFormerTransformerDecoder(
        (decoder_layer): RaCFormerTransformerDecoderLayer(
          (position_encoder): Sequential(
            (0): Linear(in_features=3, out_features=256, bias=True)
            (1): LayerNorm((256,), eps=1e-05, elementwise_affine=True)
            (2): ReLU(inplace=True)
            (3): Linear(in_features=256, out_features=256, bias=True)
            (4): LayerNorm((256,), eps=1e-05, elementwise_affine=True)
            (5): ReLU(inplace=True)
          )
          (self_attn): ScaleAdaptiveSelfAttention(
            (attention): MultiheadAttention(
              (attn): MultiheadAttention(
                (out_proj): NonDynamicallyQuantizableLinear(in_features=256, out_features=256, bias=True)
              )
              (proj_drop): Dropout(p=0.0, inplace=False)
              (dropout_layer): Dropout(p=0.0, inplace=False)
            )
            (gen_tau): Linear(in_features=256, out_features=8, bias=True)
          )
          (sampling): RaCFormerSampling(
            (ray_points_offset): Linear(in_features=256, out_features=3, bias=True)
            (sampling_offset): Linear(in_features=256, out_features=144, bias=True)
            (scale_weights): Linear(in_features=256, out_features=1536, bias=True)
          )
          (sampling_radar_bev): BEVSampling(
            (ray_points_offset): Linear(in_features=256, out_features=5, bias=True)
            (sampling_offset): Linear(in_features=256, out_features=160, bias=True)
            (scale_weights): Linear(in_features=256, out_features=80, bias=True)
            (positional_encoding): LearnedPositionalEncoding(num_feats=128, row_num_embed=128, col_num_embed=128)
            (attention): BEVSelfAttention(
              (dropout): Dropout(p=0.1, inplace=False)
              (bev_queue_weight): Linear(in_features=256, out_features=8, bias=True)
              (value_proj): Linear(in_features=256, out_features=256, bias=True)
              (output_proj): Linear(in_features=256, out_features=256, bias=True)
            )
            (temporal_encoder): RadarBEVTemporalEncoder(
              (convGRU): ConvGRU(
                (convGRUCell): ConvGRUCell(
                  (gates_conv): Conv2d(128, 192, kernel_size=(3, 3), stride=(1, 1), padding=(1, 1))
                  (matching_layer): Conv2d(64, 64, kernel_size=(1, 1), stride=(1, 1))
                )
              )
              (temporal_fusion): Conv2d(320, 256, kernel_size=(3, 3), stride=(1, 1), padding=(1, 1))
              (downsample): Conv2d(256, 64, kernel_size=(3, 3), stride=(2, 2), padding=(1, 1))
              (upsample): Sequential(
                (0): Upsample(scale_factor=2.0, mode='bilinear')
                (1): Conv2d(64, 64, kernel_size=(3, 3), stride=(1, 1), padding=(1, 1))
              )
            )
          )
          (sampling_lss_bev): BEVSampling(
            (ray_points_offset): Linear(in_features=256, out_features=5, bias=True)
            (sampling_offset): Linear(in_features=256, out_features=160, bias=True)
            (scale_weights): Linear(in_features=256, out_features=80, bias=True)
            (positional_encoding): LearnedPositionalEncoding(num_feats=128, row_num_embed=128, col_num_embed=128)
            (attention): BEVSelfAttention(
              (dropout): Dropout(p=0.1, inplace=False)
              (bev_queue_weight): Linear(in_features=256, out_features=8, bias=True)
              (value_proj): Linear(in_features=256, out_features=256, bias=True)
              (output_proj): Linear(in_features=256, out_features=256, bias=True)
            )
          )
          (mixing): AdaptiveMixing(
            (parameter_generator): Linear(in_features=256, out_features=65536, bias=True)
            (out_proj): Linear(in_features=32768, out_features=256, bias=True)
            (act): ReLU(inplace=True)
          )
          (ffn): FFN(
            (activate): ReLU(inplace=True)
            (layers): Sequential(
              (0): Sequential(
                (0): Linear(in_features=256, out_features=512, bias=True)
                (1): ReLU(inplace=True)
                (2): Dropout(p=0.1, inplace=False)
              )
              (1): Linear(in_features=512, out_features=256, bias=True)
              (2): Dropout(p=0.1, inplace=False)
            )
            (dropout_layer): Identity()
          )
          (norm1): LayerNorm((256,), eps=1e-05, elementwise_affine=True)
          (norm2): LayerNorm((256,), eps=1e-05, elementwise_affine=True)
          (norm3): LayerNorm((256,), eps=1e-05, elementwise_affine=True)
          (fusion): Linear(in_features=768, out_features=256, bias=True)
          (norm_radar_bev): LayerNorm((256,), eps=1e-05, elementwise_affine=True)
          (norm_lss_bev): LayerNorm((256,), eps=1e-05, elementwise_affine=True)
          (norm_fusion): LayerNorm((256,), eps=1e-05, elementwise_affine=True)
          (cls_branch): Sequential(
            (0): Linear(in_features=256, out_features=256, bias=True)
            (1): LayerNorm((256,), eps=1e-05, elementwise_affine=True)
            (2): ReLU(inplace=True)
            (3): Linear(in_features=256, out_features=256, bias=True)
            (4): LayerNorm((256,), eps=1e-05, elementwise_affine=True)
            (5): ReLU(inplace=True)
            (6): Linear(in_features=256, out_features=10, bias=True)
          )
          (reg_branch): Sequential(
            (0): Linear(in_features=256, out_features=256, bias=True)
            (1): ReLU(inplace=True)
            (2): Linear(in_features=256, out_features=256, bias=True)
            (3): ReLU(inplace=True)
            (4): Linear(in_features=256, out_features=10, bias=True)
          )
        )
      )
    )
    (label_enc): Embedding(11, 255)
    (rwhi_module): RWHIModule(
      (impl): RWHI_Ultimate(
        (alpha_fc1): Linear(in_features=5, out_features=64, bias=True)
        (alpha_bn1): SyncBatchNorm(64, eps=1e-05, momentum=0.1, affine=True, track_running_stats=True)
        (alpha_fc2): Linear(in_features=64, out_features=64, bias=True)
        (alpha_bn2): SyncBatchNorm(64, eps=1e-05, momentum=0.1, affine=True, track_running_stats=True)
        (alpha_fc3): Linear(in_features=64, out_features=1, bias=True)
        (diffusion): MaxPool2d(kernel_size=3, stride=1, padding=1, dilation=1, ceil_mode=False)
      )
    )
    (pos2content): Sequential(
      (0): Linear(in_features=3, out_features=256, bias=True)
      (1): LayerNorm((256,), eps=1e-05, elementwise_affine=True)
      (2): ReLU(inplace=True)
      (3): Linear(in_features=256, out_features=255, bias=True)
    )
    (init_query_bbox): Embedding(900, 10)
  )
  (img_backbone): ResNet(
    (conv1): Conv2d(3, 64, kernel_size=(7, 7), stride=(2, 2), padding=(3, 3), bias=False)
    (bn1): SyncBatchNorm(64, eps=1e-05, momentum=0.1, affine=True, track_running_stats=True)
    (relu): ReLU(inplace=True)
    (maxpool): MaxPool2d(kernel_size=3, stride=2, padding=1, dilation=1, ceil_mode=False)
    (layer1): ResLayer(
      (0): Bottleneck(
        (conv1): Conv2d(64, 64, kernel_size=(1, 1), stride=(1, 1), bias=False)
        (bn1): SyncBatchNorm(64, eps=1e-05, momentum=0.1, affine=True, track_running_stats=True)
        (conv2): Conv2d(64, 64, kernel_size=(3, 3), stride=(1, 1), padding=(1, 1), bias=False)
        (bn2): SyncBatchNorm(64, eps=1e-05, momentum=0.1, affine=True, track_running_stats=True)
        (conv3): Conv2d(64, 256, kernel_size=(1, 1), stride=(1, 1), bias=False)
        (bn3): SyncBatchNorm(256, eps=1e-05, momentum=0.1, affine=True, track_running_stats=True)
        (relu): ReLU(inplace=True)
        (downsample): Sequential(
          (0): Conv2d(64, 256, kernel_size=(1, 1), stride=(1, 1), bias=False)
          (1): SyncBatchNorm(256, eps=1e-05, momentum=0.1, affine=True, track_running_stats=True)
        )
      )
      init_cfg={'type': 'Constant', 'val': 0, 'override': {'name': 'norm3'}}
      (1): Bottleneck(
        (conv1): Conv2d(256, 64, kernel_size=(1, 1), stride=(1, 1), bias=False)
        (bn1): SyncBatchNorm(64, eps=1e-05, momentum=0.1, affine=True, track_running_stats=True)
        (conv2): Conv2d(64, 64, kernel_size=(3, 3), stride=(1, 1), padding=(1, 1), bias=False)
        (bn2): SyncBatchNorm(64, eps=1e-05, momentum=0.1, affine=True, track_running_stats=True)
        (conv3): Conv2d(64, 256, kernel_size=(1, 1), stride=(1, 1), bias=False)
        (bn3): SyncBatchNorm(256, eps=1e-05, momentum=0.1, affine=True, track_running_stats=True)
        (relu): ReLU(inplace=True)
      )
      init_cfg={'type': 'Constant', 'val': 0, 'override': {'name': 'norm3'}}
      (2): Bottleneck(
        (conv1): Conv2d(256, 64, kernel_size=(1, 1), stride=(1, 1), bias=False)
        (bn1): SyncBatchNorm(64, eps=1e-05, momentum=0.1, affine=True, track_running_stats=True)
        (conv2): Conv2d(64, 64, kernel_size=(3, 3), stride=(1, 1), padding=(1, 1), bias=False)
        (bn2): SyncBatchNorm(64, eps=1e-05, momentum=0.1, affine=True, track_running_stats=True)
        (conv3): Conv2d(64, 256, kernel_size=(1, 1), stride=(1, 1), bias=False)
        (bn3): SyncBatchNorm(256, eps=1e-05, momentum=0.1, affine=True, track_running_stats=True)
        (relu): ReLU(inplace=True)
      )
      init_cfg={'type': 'Constant', 'val': 0, 'override': {'name': 'norm3'}}
    )
    (layer2): ResLayer(
      (0): Bottleneck(
        (conv1): Conv2d(256, 128, kernel_size=(1, 1), stride=(1, 1), bias=False)
        (bn1): SyncBatchNorm(128, eps=1e-05, momentum=0.1, affine=True, track_running_stats=True)
        (conv2): Conv2d(128, 128, kernel_size=(3, 3), stride=(2, 2), padding=(1, 1), bias=False)
        (bn2): SyncBatchNorm(128, eps=1e-05, momentum=0.1, affine=True, track_running_stats=True)
        (conv3): Conv2d(128, 512, kernel_size=(1, 1), stride=(1, 1), bias=False)
        (bn3): SyncBatchNorm(512, eps=1e-05, momentum=0.1, affine=True, track_running_stats=True)
        (relu): ReLU(inplace=True)
        (downsample): Sequential(
          (0): Conv2d(256, 512, kernel_size=(1, 1), stride=(2, 2), bias=False)
          (1): SyncBatchNorm(512, eps=1e-05, momentum=0.1, affine=True, track_running_stats=True)
        )
      )
      init_cfg={'type': 'Constant', 'val': 0, 'override': {'name': 'norm3'}}
      (1): Bottleneck(
        (conv1): Conv2d(512, 128, kernel_size=(1, 1), stride=(1, 1), bias=False)
        (bn1): SyncBatchNorm(128, eps=1e-05, momentum=0.1, affine=True, track_running_stats=True)
        (conv2): Conv2d(128, 128, kernel_size=(3, 3), stride=(1, 1), padding=(1, 1), bias=False)
        (bn2): SyncBatchNorm(128, eps=1e-05, momentum=0.1, affine=True, track_running_stats=True)
        (conv3): Conv2d(128, 512, kernel_size=(1, 1), stride=(1, 1), bias=False)
        (bn3): SyncBatchNorm(512, eps=1e-05, momentum=0.1, affine=True, track_running_stats=True)
        (relu): ReLU(inplace=True)
      )
      init_cfg={'type': 'Constant', 'val': 0, 'override': {'name': 'norm3'}}
      (2): Bottleneck(
        (conv1): Conv2d(512, 128, kernel_size=(1, 1), stride=(1, 1), bias=False)
        (bn1): SyncBatchNorm(128, eps=1e-05, momentum=0.1, affine=True, track_running_stats=True)
        (conv2): Conv2d(128, 128, kernel_size=(3, 3), stride=(1, 1), padding=(1, 1), bias=False)
        (bn2): SyncBatchNorm(128, eps=1e-05, momentum=0.1, affine=True, track_running_stats=True)
        (conv3): Conv2d(128, 512, kernel_size=(1, 1), stride=(1, 1), bias=False)
        (bn3): SyncBatchNorm(512, eps=1e-05, momentum=0.1, affine=True, track_running_stats=True)
        (relu): ReLU(inplace=True)
      )
      init_cfg={'type': 'Constant', 'val': 0, 'override': {'name': 'norm3'}}
      (3): Bottleneck(
        (conv1): Conv2d(512, 128, kernel_size=(1, 1), stride=(1, 1), bias=False)
        (bn1): SyncBatchNorm(128, eps=1e-05, momentum=0.1, affine=True, track_running_stats=True)
        (conv2): Conv2d(128, 128, kernel_size=(3, 3), stride=(1, 1), padding=(1, 1), bias=False)
        (bn2): SyncBatchNorm(128, eps=1e-05, momentum=0.1, affine=True, track_running_stats=True)
        (conv3): Conv2d(128, 512, kernel_size=(1, 1), stride=(1, 1), bias=False)
        (bn3): SyncBatchNorm(512, eps=1e-05, momentum=0.1, affine=True, track_running_stats=True)
        (relu): ReLU(inplace=True)
      )
      init_cfg={'type': 'Constant', 'val': 0, 'override': {'name': 'norm3'}}
    )
    (layer3): ResLayer(
      (0): Bottleneck(
        (conv1): Conv2d(512, 256, kernel_size=(1, 1), stride=(1, 1), bias=False)
        (bn1): SyncBatchNorm(256, eps=1e-05, momentum=0.1, affine=True, track_running_stats=True)
        (conv2): Conv2d(256, 256, kernel_size=(3, 3), stride=(2, 2), padding=(1, 1), bias=False)
        (bn2): SyncBatchNorm(256, eps=1e-05, momentum=0.1, affine=True, track_running_stats=True)
        (conv3): Conv2d(256, 1024, kernel_size=(1, 1), stride=(1, 1), bias=False)
        (bn3): SyncBatchNorm(1024, eps=1e-05, momentum=0.1, affine=True, track_running_stats=True)
        (relu): ReLU(inplace=True)
        (downsample): Sequential(
          (0): Conv2d(512, 1024, kernel_size=(1, 1), stride=(2, 2), bias=False)
          (1): SyncBatchNorm(1024, eps=1e-05, momentum=0.1, affine=True, track_running_stats=True)
        )
      )
      init_cfg={'type': 'Constant', 'val': 0, 'override': {'name': 'norm3'}}
      (1): Bottleneck(
        (conv1): Conv2d(1024, 256, kernel_size=(1, 1), stride=(1, 1), bias=False)
        (bn1): SyncBatchNorm(256, eps=1e-05, momentum=0.1, affine=True, track_running_stats=True)
        (conv2): Conv2d(256, 256, kernel_size=(3, 3), stride=(1, 1), padding=(1, 1), bias=False)
        (bn2): SyncBatchNorm(256, eps=1e-05, momentum=0.1, affine=True, track_running_stats=True)
        (conv3): Conv2d(256, 1024, kernel_size=(1, 1), stride=(1, 1), bias=False)
        (bn3): SyncBatchNorm(1024, eps=1e-05, momentum=0.1, affine=True, track_running_stats=True)
        (relu): ReLU(inplace=True)
      )
      init_cfg={'type': 'Constant', 'val': 0, 'override': {'name': 'norm3'}}
      (2): Bottleneck(
        (conv1): Conv2d(1024, 256, kernel_size=(1, 1), stride=(1, 1), bias=False)
        (bn1): SyncBatchNorm(256, eps=1e-05, momentum=0.1, affine=True, track_running_stats=True)
        (conv2): Conv2d(256, 256, kernel_size=(3, 3), stride=(1, 1), padding=(1, 1), bias=False)
        (bn2): SyncBatchNorm(256, eps=1e-05, momentum=0.1, affine=True, track_running_stats=True)
        (conv3): Conv2d(256, 1024, kernel_size=(1, 1), stride=(1, 1), bias=False)
        (bn3): SyncBatchNorm(1024, eps=1e-05, momentum=0.1, affine=True, track_running_stats=True)
        (relu): ReLU(inplace=True)
      )
      init_cfg={'type': 'Constant', 'val': 0, 'override': {'name': 'norm3'}}
      (3): Bottleneck(
        (conv1): Conv2d(1024, 256, kernel_size=(1, 1), stride=(1, 1), bias=False)
        (bn1): SyncBatchNorm(256, eps=1e-05, momentum=0.1, affine=True, track_running_stats=True)
        (conv2): Conv2d(256, 256, kernel_size=(3, 3), stride=(1, 1), padding=(1, 1), bias=False)
        (bn2): SyncBatchNorm(256, eps=1e-05, momentum=0.1, affine=True, track_running_stats=True)
        (conv3): Conv2d(256, 1024, kernel_size=(1, 1), stride=(1, 1), bias=False)
        (bn3): SyncBatchNorm(1024, eps=1e-05, momentum=0.1, affine=True, track_running_stats=True)
        (relu): ReLU(inplace=True)
      )
      init_cfg={'type': 'Constant', 'val': 0, 'override': {'name': 'norm3'}}
      (4): Bottleneck(
        (conv1): Conv2d(1024, 256, kernel_size=(1, 1), stride=(1, 1), bias=False)
        (bn1): SyncBatchNorm(256, eps=1e-05, momentum=0.1, affine=True, track_running_stats=True)
        (conv2): Conv2d(256, 256, kernel_size=(3, 3), stride=(1, 1), padding=(1, 1), bias=False)
        (bn2): SyncBatchNorm(256, eps=1e-05, momentum=0.1, affine=True, track_running_stats=True)
        (conv3): Conv2d(256, 1024, kernel_size=(1, 1), stride=(1, 1), bias=False)
        (bn3): SyncBatchNorm(1024, eps=1e-05, momentum=0.1, affine=True, track_running_stats=True)
        (relu): ReLU(inplace=True)
      )
      init_cfg={'type': 'Constant', 'val': 0, 'override': {'name': 'norm3'}}
      (5): Bottleneck(
        (conv1): Conv2d(1024, 256, kernel_size=(1, 1), stride=(1, 1), bias=False)
        (bn1): SyncBatchNorm(256, eps=1e-05, momentum=0.1, affine=True, track_running_stats=True)
        (conv2): Conv2d(256, 256, kernel_size=(3, 3), stride=(1, 1), padding=(1, 1), bias=False)
        (bn2): SyncBatchNorm(256, eps=1e-05, momentum=0.1, affine=True, track_running_stats=True)
        (conv3): Conv2d(256, 1024, kernel_size=(1, 1), stride=(1, 1), bias=False)
        (bn3): SyncBatchNorm(1024, eps=1e-05, momentum=0.1, affine=True, track_running_stats=True)
        (relu): ReLU(inplace=True)
      )
      init_cfg={'type': 'Constant', 'val': 0, 'override': {'name': 'norm3'}}
    )
    (layer4): ResLayer(
      (0): Bottleneck(
        (conv1): Conv2d(1024, 512, kernel_size=(1, 1), stride=(1, 1), bias=False)
        (bn1): SyncBatchNorm(512, eps=1e-05, momentum=0.1, affine=True, track_running_stats=True)
        (conv2): Conv2d(512, 512, kernel_size=(3, 3), stride=(2, 2), padding=(1, 1), bias=False)
        (bn2): SyncBatchNorm(512, eps=1e-05, momentum=0.1, affine=True, track_running_stats=True)
        (conv3): Conv2d(512, 2048, kernel_size=(1, 1), stride=(1, 1), bias=False)
        (bn3): SyncBatchNorm(2048, eps=1e-05, momentum=0.1, affine=True, track_running_stats=True)
        (relu): ReLU(inplace=True)
        (downsample): Sequential(
          (0): Conv2d(1024, 2048, kernel_size=(1, 1), stride=(2, 2), bias=False)
          (1): SyncBatchNorm(2048, eps=1e-05, momentum=0.1, affine=True, track_running_stats=True)
        )
      )
      init_cfg={'type': 'Constant', 'val': 0, 'override': {'name': 'norm3'}}
      (1): Bottleneck(
        (conv1): Conv2d(2048, 512, kernel_size=(1, 1), stride=(1, 1), bias=False)
        (bn1): SyncBatchNorm(512, eps=1e-05, momentum=0.1, affine=True, track_running_stats=True)
        (conv2): Conv2d(512, 512, kernel_size=(3, 3), stride=(1, 1), padding=(1, 1), bias=False)
        (bn2): SyncBatchNorm(512, eps=1e-05, momentum=0.1, affine=True, track_running_stats=True)
        (conv3): Conv2d(512, 2048, kernel_size=(1, 1), stride=(1, 1), bias=False)
        (bn3): SyncBatchNorm(2048, eps=1e-05, momentum=0.1, affine=True, track_running_stats=True)
        (relu): ReLU(inplace=True)
      )
      init_cfg={'type': 'Constant', 'val': 0, 'override': {'name': 'norm3'}}
      (2): Bottleneck(
        (conv1): Conv2d(2048, 512, kernel_size=(1, 1), stride=(1, 1), bias=False)
        (bn1): SyncBatchNorm(512, eps=1e-05, momentum=0.1, affine=True, track_running_stats=True)
        (conv2): Conv2d(512, 512, kernel_size=(3, 3), stride=(1, 1), padding=(1, 1), bias=False)
        (bn2): SyncBatchNorm(512, eps=1e-05, momentum=0.1, affine=True, track_running_stats=True)
        (conv3): Conv2d(512, 2048, kernel_size=(1, 1), stride=(1, 1), bias=False)
        (bn3): SyncBatchNorm(2048, eps=1e-05, momentum=0.1, affine=True, track_running_stats=True)
        (relu): ReLU(inplace=True)
      )
      init_cfg={'type': 'Constant', 'val': 0, 'override': {'name': 'norm3'}}
    )
  )
  init_cfg=[{'type': 'Kaiming', 'layer': 'Conv2d'}, {'type': 'Constant', 'val': 1, 'layer': ['_BatchNorm', 'GroupNorm']}]
  (img_neck): FPN(
    (lateral_convs): ModuleList(
      (0): ConvModule(
        (conv): Conv2d(256, 256, kernel_size=(1, 1), stride=(1, 1))
      )
      (1): ConvModule(
        (conv): Conv2d(512, 256, kernel_size=(1, 1), stride=(1, 1))
      )
      (2): ConvModule(
        (conv): Conv2d(1024, 256, kernel_size=(1, 1), stride=(1, 1))
      )
      (3): ConvModule(
        (conv): Conv2d(2048, 256, kernel_size=(1, 1), stride=(1, 1))
      )
    )
    (fpn_convs): ModuleList(
      (0-3): 4 x ConvModule(
        (conv): Conv2d(256, 256, kernel_size=(3, 3), stride=(1, 1), padding=(1, 1))
      )
    )
  )
  init_cfg={'type': 'Xavier', 'layer': 'Conv2d', 'distribution': 'uniform'}
  (grid_mask): GridMask()
  (img_lss_neck): CustomFPN(
    (lateral_convs): ModuleList(
      (0): ConvModule(
        (conv): Conv2d(1024, 256, kernel_size=(1, 1), stride=(1, 1))
      )
      (1): ConvModule(
        (conv): Conv2d(2048, 256, kernel_size=(1, 1), stride=(1, 1))
      )
    )
    (fpn_convs): ModuleList(
      (0): ConvModule(
        (conv): Conv2d(256, 256, kernel_size=(3, 3), stride=(1, 1), padding=(1, 1))
      )
    )
  )
  init_cfg={'type': 'Xavier', 'layer': 'Conv2d', 'distribution': 'uniform'}
  (img_lss_view_transformer): LSSViewTransformerBEVDepth_racformer(
    (depth_net): DepthNet(
      (reduce_conv): Sequential(
        (0): Conv2d(256, 256, kernel_size=(3, 3), stride=(1, 1), padding=(1, 1))
        (1): SyncBatchNorm(256, eps=1e-05, momentum=0.1, affine=True, track_running_stats=True)
        (2): ReLU(inplace=True)
      )
      (context_conv): Conv2d(256, 256, kernel_size=(1, 1), stride=(1, 1))
      (bn): SyncBatchNorm(9, eps=1e-05, momentum=0.1, affine=True, track_running_stats=True)
      (depth_mlp): Mlp(
        (fc1): Linear(in_features=9, out_features=256, bias=True)
        (act): ReLU()
        (drop1): Dropout(p=0.0, inplace=False)
        (fc2): Linear(in_features=256, out_features=256, bias=True)
        (drop2): Dropout(p=0.0, inplace=False)
      )
      (depth_se): SELayer(
        (conv_reduce): Conv2d(256, 256, kernel_size=(1, 1), stride=(1, 1))
        (act1): ReLU()
        (conv_expand): Conv2d(256, 256, kernel_size=(1, 1), stride=(1, 1))
        (gate): Sigmoid()
      )
      (dep_proj): Conv2d(385, 256, kernel_size=(1, 1), stride=(1, 1))
      (context_mlp): Mlp(
        (fc1): Linear(in_features=9, out_features=256, bias=True)
        (act): ReLU()
        (drop1): Dropout(p=0.0, inplace=False)
        (fc2): Linear(in_features=256, out_features=256, bias=True)
        (drop2): Dropout(p=0.0, inplace=False)
      )
      (context_se): SELayer(
        (conv_reduce): Conv2d(256, 256, kernel_size=(1, 1), stride=(1, 1))
        (act1): ReLU()
        (conv_expand): Conv2d(256, 256, kernel_size=(1, 1), stride=(1, 1))
        (gate): Sigmoid()
      )
      (depth_conv): Sequential(
        (0): BasicBlock(
          (conv1): Conv2d(256, 256, kernel_size=(3, 3), stride=(1, 1), padding=(1, 1), bias=False)
          (bn1): SyncBatchNorm(256, eps=1e-05, momentum=0.1, affine=True, track_running_stats=True)
          (conv2): Conv2d(256, 256, kernel_size=(3, 3), stride=(1, 1), padding=(1, 1), bias=False)
          (bn2): SyncBatchNorm(256, eps=1e-05, momentum=0.1, affine=True, track_running_stats=True)
          (relu): ReLU(inplace=True)
        )
        (1): BasicBlock(
          (conv1): Conv2d(256, 256, kernel_size=(3, 3), stride=(1, 1), padding=(1, 1), bias=False)
          (bn1): SyncBatchNorm(256, eps=1e-05, momentum=0.1, affine=True, track_running_stats=True)
          (conv2): Conv2d(256, 256, kernel_size=(3, 3), stride=(1, 1), padding=(1, 1), bias=False)
          (bn2): SyncBatchNorm(256, eps=1e-05, momentum=0.1, affine=True, track_running_stats=True)
          (relu): ReLU(inplace=True)
        )
        (2): BasicBlock(
          (conv1): Conv2d(256, 256, kernel_size=(3, 3), stride=(1, 1), padding=(1, 1), bias=False)
          (bn1): SyncBatchNorm(256, eps=1e-05, momentum=0.1, affine=True, track_running_stats=True)
          (conv2): Conv2d(256, 256, kernel_size=(3, 3), stride=(1, 1), padding=(1, 1), bias=False)
          (bn2): SyncBatchNorm(256, eps=1e-05, momentum=0.1, affine=True, track_running_stats=True)
          (relu): ReLU(inplace=True)
        )
        (3): ASPP(
          (aspp1): _ASPPModule(
            (atrous_conv): Conv2d(256, 256, kernel_size=(1, 1), stride=(1, 1), bias=False)
            (bn): SyncBatchNorm(256, eps=1e-05, momentum=0.1, affine=True, track_running_stats=True)
            (relu): ReLU()
          )
          (aspp2): _ASPPModule(
            (atrous_conv): Conv2d(256, 256, kernel_size=(3, 3), stride=(1, 1), padding=(6, 6), dilation=(6, 6), bias=False)
            (bn): SyncBatchNorm(256, eps=1e-05, momentum=0.1, affine=True, track_running_stats=True)
            (relu): ReLU()
          )
          (aspp3): _ASPPModule(
            (atrous_conv): Conv2d(256, 256, kernel_size=(3, 3), stride=(1, 1), padding=(12, 12), dilation=(12, 12), bias=False)
            (bn): SyncBatchNorm(256, eps=1e-05, momentum=0.1, affine=True, track_running_stats=True)
            (relu): ReLU()
          )
          (aspp4): _ASPPModule(
            (atrous_conv): Conv2d(256, 256, kernel_size=(3, 3), stride=(1, 1), padding=(18, 18), dilation=(18, 18), bias=False)
            (bn): SyncBatchNorm(256, eps=1e-05, momentum=0.1, affine=True, track_running_stats=True)
            (relu): ReLU()
          )
          (global_avg_pool): Sequential(
            (0): AdaptiveAvgPool2d(output_size=(1, 1))
            (1): Conv2d(256, 256, kernel_size=(1, 1), stride=(1, 1), bias=False)
            (2): SyncBatchNorm(256, eps=1e-05, momentum=0.1, affine=True, track_running_stats=True)
            (3): ReLU()
          )
          (conv1): Conv2d(1280, 256, kernel_size=(1, 1), stride=(1, 1), bias=False)
          (bn1): SyncBatchNorm(256, eps=1e-05, momentum=0.1, affine=True, track_running_stats=True)
          (relu): ReLU()
          (dropout): Dropout(p=0.5, inplace=False)
        )
        (4): Conv2d(256, 96, kernel_size=(1, 1), stride=(1, 1))
      )
    )
    (rcs_embedding): Conv2d(64, 32, kernel_size=(1, 1), stride=(1, 1))
    (loss_func): FocalLoss()
  )
  (radar_voxel_layer): Voxelization(voxel_size=[0.8, 0.8, 8], point_cloud_range=[-51.2, -51.2, -5.0, 51.2, 51.2, 3.0], max_num_points=10, max_voxels=(30000, 40000), deterministic=False)
  (radar_voxel_encoder): PillarFeatureNet(
    (pfn_layers): ModuleList(
      (0): PFNLayer(
        (norm): SyncBatchNorm(64, eps=0.001, momentum=0.01, affine=True, track_running_stats=True)
        (linear): Linear(in_features=13, out_features=64, bias=False)
      )
    )
  )
  (radar_middle_encoder): PointPillarsScatter()
  (radar_bev_conv): Sequential(
    (0): ConvModule(
      (conv): Conv2d(64, 64, kernel_size=(3, 3), stride=(1, 1), padding=(1, 1), bias=False)
      (bn): SyncBatchNorm(64, eps=1e-05, momentum=0.1, affine=True, track_running_stats=True)
      (activate): ReLU(inplace=True)
    )
    (1): ConvModule(
      (conv): Conv2d(64, 64, kernel_size=(3, 3), stride=(1, 1), padding=(1, 1), bias=False)
      (bn): SyncBatchNorm(64, eps=1e-05, momentum=0.1, affine=True, track_running_stats=True)
      (activate): ReLU(inplace=True)
    )
    (2): ConvModule(
      (conv): Conv2d(64, 256, kernel_size=(3, 3), stride=(1, 1), padding=(1, 1), bias=False)
      (bn): SyncBatchNorm(256, eps=1e-05, momentum=0.1, affine=True, track_running_stats=True)
      (activate): ReLU(inplace=True)
    )
  )
)
[2026-01-19 12:57:01,961][INFO] - Trainable parameters: 63601560 (63.6M)
[2026-01-19 12:57:01,961][INFO] - Batch size per GPU: 4
[2026-01-19 12:57:01,977][INFO] - Creating optimizer: AdamW
[2026-01-19 12:57:02,005][INFO] - Loading checkpoint from pretrain/cascade_mask_rcnn_r50_fpn_coco-20e_20e_nuim_20201009_124951-40963960.pth
[2026-01-19 12:57:02,329][INFO] - Start running, host: duanxiong@wang, work_dir: /media/T1/zc/rac_rwhi_codex/outputs/racformer_with_rwhi/2026-01-19/12-56-42
[2026-01-19 12:57:02,329][INFO] - Hooks will be executed in the following order:
before_run:
(VERY_HIGH   ) CosineAnnealingLrUpdaterHook       
(ABOVE_NORMAL) Fp16OptimizerHook                  
(NORMAL      ) CheckpointHook                     
(NORMAL      ) SequentialControlHook              
(NORMAL      ) DistEvalHook                       
(VERY_LOW    ) MyTextLoggerHook                   
(VERY_LOW    ) MyTensorboardLoggerHook            
 -------------------- 
before_train_epoch:
(VERY_HIGH   ) CosineAnnealingLrUpdaterHook       
(NORMAL      ) SequentialControlHook              
(NORMAL      ) DistSamplerSeedHook                
(NORMAL      ) DistEvalHook                       
(LOW         ) IterTimerHook                      
(LOW         ) IterTimerHook                      
(VERY_LOW    ) MyTextLoggerHook                   
(VERY_LOW    ) MyTensorboardLoggerHook            
 -------------------- 
before_train_iter:
(VERY_HIGH   ) CosineAnnealingLrUpdaterHook       
(NORMAL      ) DistEvalHook                       
(LOW         ) IterTimerHook                      
(LOW         ) IterTimerHook                      
 -------------------- 
after_train_iter:
(ABOVE_NORMAL) Fp16OptimizerHook                  
(NORMAL      ) CheckpointHook                     
(NORMAL      ) DistEvalHook                       
(LOW         ) IterTimerHook                      
(LOW         ) IterTimerHook                      
(VERY_LOW    ) MyTextLoggerHook                   
(VERY_LOW    ) MyTensorboardLoggerHook            
 -------------------- 
after_train_epoch:
(NORMAL      ) CheckpointHook                     
(NORMAL      ) DistEvalHook                       
(VERY_LOW    ) MyTextLoggerHook                   
(VERY_LOW    ) MyTensorboardLoggerHook            
 -------------------- 
before_val_epoch:
(NORMAL      ) DistSamplerSeedHook                
(LOW         ) IterTimerHook                      
(LOW         ) IterTimerHook                      
(VERY_LOW    ) MyTextLoggerHook                   
(VERY_LOW    ) MyTensorboardLoggerHook            
 -------------------- 
before_val_iter:
(LOW         ) IterTimerHook                      
(LOW         ) IterTimerHook                      
 -------------------- 
after_val_iter:
(LOW         ) IterTimerHook                      
(LOW         ) IterTimerHook                      
 -------------------- 
after_val_epoch:
(VERY_LOW    ) MyTextLoggerHook                   
(VERY_LOW    ) MyTensorboardLoggerHook            
 -------------------- 
after_run:
(VERY_LOW    ) MyTextLoggerHook                   
(VERY_LOW    ) MyTensorboardLoggerHook            
 -------------------- 
[2026-01-19 12:57:02,330][INFO] - workflow: [('train', 1)], max: 20 epochs
[2026-01-19 12:57:02,332][INFO] - Checkpoints will be saved to /media/T1/zc/rac_rwhi_codex/outputs/racformer_with_rwhi/2026-01-19/12-56-42 by HardDiskBackend.
[2026-01-19 13:03:54,703][INFO] - Epoch [1/20][50/3517] loss: 59.39, loss_depth: 1.86, loss_cls_dn: 1.12, loss_bbox_dn: 2.77, d0.loss_cls_dn: 1.10, d0.loss_bbox_dn: 1.71, d1.loss_cls_dn: 1.10, d1.loss_bbox_dn: 1.87, d2.loss_cls_dn: 1.12, d2.loss_bbox_dn: 2.08, d3.loss_cls_dn: 1.12, d3.loss_bbox_dn: 2.31, d4.loss_cls_dn: 1.12, d4.loss_bbox_dn: 2.53, loss_cls: 1.38, loss_bbox: 4.83, d0.loss_cls: 1.38, d0.loss_bbox: 5.08, d1.loss_cls: 1.37, d1.loss_bbox: 4.88, d2.loss_cls: 1.38, d2.loss_bbox: 4.85, d3.loss_cls: 1.38, d3.loss_bbox: 4.83, d4.loss_cls: 1.38, d4.loss_bbox: 4.82, loss: 59.39, eta: 6 days, 15:04:47, time: 7.98s, data: 88ms, mem: 30252M
[2026-01-19 13:10:31,419][INFO] - Epoch [1/20][100/3517] loss: 43.87, loss_depth: 1.56, loss_cls_dn: 0.71, loss_bbox_dn: 1.81, d0.loss_cls_dn: 0.61, d0.loss_bbox_dn: 1.48, d1.loss_cls_dn: 0.65, d1.loss_bbox_dn: 1.53, d2.loss_cls_dn: 0.68, d2.loss_bbox_dn: 1.58, d3.loss_cls_dn: 0.69, d3.loss_bbox_dn: 1.65, d4.loss_cls_dn: 0.70, d4.loss_bbox_dn: 1.72, loss_cls: 1.23, loss_bbox: 3.54, d0.loss_cls: 1.19, d0.loss_bbox: 3.63, d1.loss_cls: 1.19, d1.loss_bbox: 3.52, d2.loss_cls: 1.19, d2.loss_bbox: 3.52, d3.loss_cls: 1.20, d3.loss_bbox: 3.53, d4.loss_cls: 1.21, d4.loss_bbox: 3.54, loss: 43.87, eta: 6 days, 12:16:57, time: 7.88s, data: 86ms, mem: 30252M
[2026-01-19 13:17:06,844][INFO] - Epoch [1/20][150/3517] loss: 40.58, loss_depth: 1.45, loss_cls_dn: 0.47, loss_bbox_dn: 1.76, d0.loss_cls_dn: 0.42, d0.loss_bbox_dn: 1.38, d1.loss_cls_dn: 0.44, d1.loss_bbox_dn: 1.44, d2.loss_cls_dn: 0.45, d2.loss_bbox_dn: 1.50, d3.loss_cls_dn: 0.46, d3.loss_bbox_dn: 1.58, d4.loss_cls_dn: 0.46, d4.loss_bbox_dn: 1.67, loss_cls: 1.15, loss_bbox: 3.36, d0.loss_cls: 1.18, d0.loss_bbox: 3.47, d1.loss_cls: 1.16, d1.loss_bbox: 3.34, d2.loss_cls: 1.15, d2.loss_bbox: 3.32, d3.loss_cls: 1.15, d3.loss_bbox: 3.33, d4.loss_cls: 1.15, d4.loss_bbox: 3.35, loss: 40.58, eta: 6 days, 11:33:37, time: 7.92s, data: 85ms, mem: 30500M
[2026-01-19 13:23:43,840][INFO] - Epoch [1/20][200/3517] loss: 38.05, loss_depth: 1.40, loss_cls_dn: 0.35, loss_bbox_dn: 1.60, d0.loss_cls_dn: 0.28, d0.loss_bbox_dn: 1.29, d1.loss_cls_dn: 0.30, d1.loss_bbox_dn: 1.33, d2.loss_cls_dn: 0.32, d2.loss_bbox_dn: 1.38, d3.loss_cls_dn: 0.33, d3.loss_bbox_dn: 1.44, d4.loss_cls_dn: 0.34, d4.loss_bbox_dn: 1.52, loss_cls: 1.09, loss_bbox: 3.33, d0.loss_cls: 1.11, d0.loss_bbox: 3.31, d1.loss_cls: 1.06, d1.loss_bbox: 3.27, d2.loss_cls: 1.05, d2.loss_bbox: 3.25, d3.loss_cls: 1.06, d3.loss_bbox: 3.27, d4.loss_cls: 1.07, d4.loss_bbox: 3.29, loss: 38.05, eta: 6 days, 10:56:42, time: 7.88s, data: 82ms, mem: 30500M
[2026-01-19 13:30:17,826][INFO] - Epoch [1/20][250/3517] loss: 38.99, loss_depth: 1.33, loss_cls_dn: 0.31, loss_bbox_dn: 1.60, d0.loss_cls_dn: 0.25, d0.loss_bbox_dn: 1.35, d1.loss_cls_dn: 0.27, d1.loss_bbox_dn: 1.38, d2.loss_cls_dn: 0.28, d2.loss_bbox_dn: 1.42, d3.loss_cls_dn: 0.29, d3.loss_bbox_dn: 1.48, d4.loss_cls_dn: 0.30, d4.loss_bbox_dn: 1.54, loss_cls: 1.08, loss_bbox: 3.46, d0.loss_cls: 1.11, d0.loss_bbox: 3.50, d1.loss_cls: 1.07, d1.loss_bbox: 3.44, d2.loss_cls: 1.07, d2.loss_bbox: 3.43, d3.loss_cls: 1.07, d3.loss_bbox: 3.43, d4.loss_cls: 1.08, d4.loss_bbox: 3.44, loss: 38.99, eta: 6 days, 10:28:13, time: 7.86s, data: 80ms, mem: 30500M
[2026-01-19 13:36:57,232][INFO] - Epoch [1/20][300/3517] loss: 34.88, loss_depth: 1.35, loss_cls_dn: 0.28, loss_bbox_dn: 1.42, d0.loss_cls_dn: 0.22, d0.loss_bbox_dn: 1.27, d1.loss_cls_dn: 0.24, d1.loss_bbox_dn: 1.28, d2.loss_cls_dn: 0.25, d2.loss_bbox_dn: 1.31, d3.loss_cls_dn: 0.26, d3.loss_bbox_dn: 1.34, d4.loss_cls_dn: 0.27, d4.loss_bbox_dn: 1.38, loss_cls: 1.00, loss_bbox: 2.98, d0.loss_cls: 1.07, d0.loss_bbox: 3.05, d1.loss_cls: 1.00, d1.loss_bbox: 2.99, d2.loss_cls: 1.00, d2.loss_bbox: 2.97, d3.loss_cls: 1.00, d3.loss_bbox: 2.97, d4.loss_cls: 1.00, d4.loss_bbox: 2.98, loss: 34.88, eta: 6 days, 10:41:04, time: 8.03s, data: 79ms, mem: 30500M
[2026-01-19 13:43:40,205][INFO] - Epoch [1/20][350/3517] loss: 33.63, loss_depth: 1.30, loss_cls_dn: 0.25, loss_bbox_dn: 1.41, d0.loss_cls_dn: 0.20, d0.loss_bbox_dn: 1.22, d1.loss_cls_dn: 0.22, d1.loss_bbox_dn: 1.24, d2.loss_cls_dn: 0.23, d2.loss_bbox_dn: 1.27, d3.loss_cls_dn: 0.24, d3.loss_bbox_dn: 1.32, d4.loss_cls_dn: 0.24, d4.loss_bbox_dn: 1.36, loss_cls: 0.97, loss_bbox: 2.86, d0.loss_cls: 1.04, d0.loss_bbox: 2.96, d1.loss_cls: 0.97, d1.loss_bbox: 2.88, d2.loss_cls: 0.96, d2.loss_bbox: 2.86, d3.loss_cls: 0.97, d3.loss_bbox: 2.86, d4.loss_cls: 0.97, d4.loss_bbox: 2.86, loss: 33.63, eta: 6 days, 10:56:03, time: 8.08s, data: 79ms, mem: 30500M
[2026-01-19 13:50:23,983][INFO] - Epoch [1/20][400/3517] loss: 33.26, loss_depth: 1.27, loss_cls_dn: 0.22, loss_bbox_dn: 1.43, d0.loss_cls_dn: 0.18, d0.loss_bbox_dn: 1.21, d1.loss_cls_dn: 0.19, d1.loss_bbox_dn: 1.24, d2.loss_cls_dn: 0.20, d2.loss_bbox_dn: 1.28, d3.loss_cls_dn: 0.20, d3.loss_bbox_dn: 1.32, d4.loss_cls_dn: 0.21, d4.loss_bbox_dn: 1.38, loss_cls: 0.94, loss_bbox: 2.84, d0.loss_cls: 1.00, d0.loss_bbox: 2.97, d1.loss_cls: 0.94, d1.loss_bbox: 2.89, d2.loss_cls: 0.93, d2.loss_bbox: 2.86, d3.loss_cls: 0.93, d3.loss_bbox: 2.85, d4.loss_cls: 0.93, d4.loss_bbox: 2.85, loss: 33.26, eta: 6 days, 10:56:41, time: 8.02s, data: 76ms, mem: 30984M
[2026-01-19 13:57:00,415][INFO] - Epoch [1/20][450/3517] loss: 33.40, loss_depth: 1.30, loss_cls_dn: 0.23, loss_bbox_dn: 1.43, d0.loss_cls_dn: 0.18, d0.loss_bbox_dn: 1.23, d1.loss_cls_dn: 0.19, d1.loss_bbox_dn: 1.25, d2.loss_cls_dn: 0.20, d2.loss_bbox_dn: 1.28, d3.loss_cls_dn: 0.21, d3.loss_bbox_dn: 1.33, d4.loss_cls_dn: 0.22, d4.loss_bbox_dn: 1.38, loss_cls: 0.97, loss_bbox: 2.81, d0.loss_cls: 1.04, d0.loss_bbox: 2.99, d1.loss_cls: 0.96, d1.loss_bbox: 2.88, d2.loss_cls: 0.96, d2.loss_bbox: 2.84, d3.loss_cls: 0.96, d3.loss_bbox: 2.81, d4.loss_cls: 0.96, d4.loss_bbox: 2.80, loss: 33.40, eta: 6 days, 10:36:18, time: 7.87s, data: 75ms, mem: 30984M
[2026-01-19 14:03:39,309][INFO] - Epoch [1/20][500/3517] loss: 32.32, loss_depth: 1.28, loss_cls_dn: 0.21, loss_bbox_dn: 1.40, d0.loss_cls_dn: 0.17, d0.loss_bbox_dn: 1.22, d1.loss_cls_dn: 0.18, d1.loss_bbox_dn: 1.23, d2.loss_cls_dn: 0.19, d2.loss_bbox_dn: 1.26, d3.loss_cls_dn: 0.20, d3.loss_bbox_dn: 1.30, d4.loss_cls_dn: 0.20, d4.loss_bbox_dn: 1.35, loss_cls: 0.93, loss_bbox: 2.70, d0.loss_cls: 1.02, d0.loss_bbox: 2.88, d1.loss_cls: 0.93, d1.loss_bbox: 2.76, d2.loss_cls: 0.92, d2.loss_bbox: 2.72, d3.loss_cls: 0.93, d3.loss_bbox: 2.71, d4.loss_cls: 0.93, d4.loss_bbox: 2.70, loss: 32.32, eta: 6 days, 10:21:54, time: 7.90s, data: 74ms, mem: 30984M
[2026-01-19 14:10:15,302][INFO] - Epoch [1/20][550/3517] loss: 30.82, loss_depth: 1.29, loss_cls_dn: 0.23, loss_bbox_dn: 1.37, d0.loss_cls_dn: 0.18, d0.loss_bbox_dn: 1.19, d1.loss_cls_dn: 0.19, d1.loss_bbox_dn: 1.20, d2.loss_cls_dn: 0.20, d2.loss_bbox_dn: 1.23, d3.loss_cls_dn: 0.21, d3.loss_bbox_dn: 1.27, d4.loss_cls_dn: 0.22, d4.loss_bbox_dn: 1.32, loss_cls: 0.95, loss_bbox: 2.43, d0.loss_cls: 1.03, d0.loss_bbox: 2.67, d1.loss_cls: 0.95, d1.loss_bbox: 2.52, d2.loss_cls: 0.94, d2.loss_bbox: 2.46, d3.loss_cls: 0.95, d3.loss_bbox: 2.44, d4.loss_cls: 0.95, d4.loss_bbox: 2.43, loss: 30.82, eta: 6 days, 10:18:16, time: 7.99s, data: 73ms, mem: 30984M
[2026-01-19 14:16:56,827][INFO] - Epoch [1/20][600/3517] loss: 31.46, loss_depth: 1.24, loss_cls_dn: 0.19, loss_bbox_dn: 1.27, d0.loss_cls_dn: 0.16, d0.loss_bbox_dn: 1.18, d1.loss_cls_dn: 0.17, d1.loss_bbox_dn: 1.18, d2.loss_cls_dn: 0.17, d2.loss_bbox_dn: 1.19, d3.loss_cls_dn: 0.18, d3.loss_bbox_dn: 1.22, d4.loss_cls_dn: 0.19, d4.loss_bbox_dn: 1.24, loss_cls: 0.93, loss_bbox: 2.65, d0.loss_cls: 1.01, d0.loss_bbox: 2.90, d1.loss_cls: 0.92, d1.loss_bbox: 2.74, d2.loss_cls: 0.92, d2.loss_bbox: 2.68, d3.loss_cls: 0.92, d3.loss_bbox: 2.65, d4.loss_cls: 0.92, d4.loss_bbox: 2.65, loss: 31.46, eta: 6 days, 10:20:14, time: 8.05s, data: 71ms, mem: 30984M
[2026-01-19 14:23:25,215][INFO] - Epoch [1/20][650/3517] loss: 31.25, loss_depth: 1.24, loss_cls_dn: 0.19, loss_bbox_dn: 1.28, d0.loss_cls_dn: 0.15, d0.loss_bbox_dn: 1.20, d1.loss_cls_dn: 0.16, d1.loss_bbox_dn: 1.19, d2.loss_cls_dn: 0.17, d2.loss_bbox_dn: 1.21, d3.loss_cls_dn: 0.18, d3.loss_bbox_dn: 1.23, d4.loss_cls_dn: 0.19, d4.loss_bbox_dn: 1.25, loss_cls: 0.97, loss_bbox: 2.56, d0.loss_cls: 1.04, d0.loss_bbox: 2.83, d1.loss_cls: 0.94, d1.loss_bbox: 2.67, d2.loss_cls: 0.94, d2.loss_bbox: 2.61, d3.loss_cls: 0.95, d3.loss_bbox: 2.58, d4.loss_cls: 0.96, d4.loss_bbox: 2.56, loss: 31.25, eta: 6 days, 9:55:33, time: 7.77s, data: 73ms, mem: 30984M
[2026-01-19 14:30:09,999][INFO] - Epoch [1/20][700/3517] loss: 30.86, loss_depth: 1.25, loss_cls_dn: 0.18, loss_bbox_dn: 1.29, d0.loss_cls_dn: 0.15, d0.loss_bbox_dn: 1.19, d1.loss_cls_dn: 0.15, d1.loss_bbox_dn: 1.19, d2.loss_cls_dn: 0.16, d2.loss_bbox_dn: 1.20, d3.loss_cls_dn: 0.17, d3.loss_bbox_dn: 1.23, d4.loss_cls_dn: 0.18, d4.loss_bbox_dn: 1.26, loss_cls: 0.91, loss_bbox: 2.55, d0.loss_cls: 1.00, d0.loss_bbox: 2.81, d1.loss_cls: 0.90, d1.loss_bbox: 2.66, d2.loss_cls: 0.90, d2.loss_bbox: 2.59, d3.loss_cls: 0.90, d3.loss_bbox: 2.56, d4.loss_cls: 0.90, d4.loss_bbox: 2.56, loss: 30.86, eta: 6 days, 10:07:47, time: 8.18s, data: 70ms, mem: 30984M
[2026-01-19 14:36:57,893][INFO] - Epoch [1/20][750/3517] loss: 30.61, loss_depth: 1.21, loss_cls_dn: 0.17, loss_bbox_dn: 1.33, d0.loss_cls_dn: 0.14, d0.loss_bbox_dn: 1.15, d1.loss_cls_dn: 0.15, d1.loss_bbox_dn: 1.16, d2.loss_cls_dn: 0.15, d2.loss_bbox_dn: 1.19, d3.loss_cls_dn: 0.16, d3.loss_bbox_dn: 1.24, d4.loss_cls_dn: 0.16, d4.loss_bbox_dn: 1.28, loss_cls: 0.91, loss_bbox: 2.51, d0.loss_cls: 1.00, d0.loss_bbox: 2.80, d1.loss_cls: 0.90, d1.loss_bbox: 2.65, d2.loss_cls: 0.90, d2.loss_bbox: 2.58, d3.loss_cls: 0.90, d3.loss_bbox: 2.54, d4.loss_cls: 0.90, d4.loss_bbox: 2.52, loss: 30.61, eta: 6 days, 10:13:43, time: 8.13s, data: 73ms, mem: 31044M
[2026-01-19 14:43:39,138][INFO] - Epoch [1/20][800/3517] loss: 30.58, loss_depth: 1.22, loss_cls_dn: 0.18, loss_bbox_dn: 1.27, d0.loss_cls_dn: 0.14, d0.loss_bbox_dn: 1.18, d1.loss_cls_dn: 0.15, d1.loss_bbox_dn: 1.17, d2.loss_cls_dn: 0.16, d2.loss_bbox_dn: 1.19, d3.loss_cls_dn: 0.16, d3.loss_bbox_dn: 1.21, d4.loss_cls_dn: 0.17, d4.loss_bbox_dn: 1.24, loss_cls: 0.92, loss_bbox: 2.52, d0.loss_cls: 0.99, d0.loss_bbox: 2.81, d1.loss_cls: 0.91, d1.loss_bbox: 2.64, d2.loss_cls: 0.91, d2.loss_bbox: 2.56, d3.loss_cls: 0.91, d3.loss_bbox: 2.54, d4.loss_cls: 0.91, d4.loss_bbox: 2.52, loss: 30.58, eta: 6 days, 10:04:58, time: 7.95s, data: 71ms, mem: 31044M
[2026-01-19 14:50:16,213][INFO] - Epoch [1/20][850/3517] loss: 30.49, loss_depth: 1.22, loss_cls_dn: 0.18, loss_bbox_dn: 1.26, d0.loss_cls_dn: 0.15, d0.loss_bbox_dn: 1.18, d1.loss_cls_dn: 0.15, d1.loss_bbox_dn: 1.17, d2.loss_cls_dn: 0.16, d2.loss_bbox_dn: 1.18, d3.loss_cls_dn: 0.17, d3.loss_bbox_dn: 1.20, d4.loss_cls_dn: 0.18, d4.loss_bbox_dn: 1.23, loss_cls: 0.92, loss_bbox: 2.52, d0.loss_cls: 1.02, d0.loss_bbox: 2.74, d1.loss_cls: 0.93, d1.loss_bbox: 2.61, d2.loss_cls: 0.91, d2.loss_bbox: 2.56, d3.loss_cls: 0.91, d3.loss_bbox: 2.53, d4.loss_cls: 0.91, d4.loss_bbox: 2.52, loss: 30.49, eta: 6 days, 9:53:06, time: 7.90s, data: 74ms, mem: 31044M
[2026-01-19 14:56:54,490][INFO] - Epoch [1/20][900/3517] loss: 30.35, loss_depth: 1.24, loss_cls_dn: 0.16, loss_bbox_dn: 1.24, d0.loss_cls_dn: 0.13, d0.loss_bbox_dn: 1.16, d1.loss_cls_dn: 0.14, d1.loss_bbox_dn: 1.15, d2.loss_cls_dn: 0.15, d2.loss_bbox_dn: 1.16, d3.loss_cls_dn: 0.15, d3.loss_bbox_dn: 1.19, d4.loss_cls_dn: 0.16, d4.loss_bbox_dn: 1.21, loss_cls: 0.89, loss_bbox: 2.52, d0.loss_cls: 1.00, d0.loss_bbox: 2.80, d1.loss_cls: 0.90, d1.loss_bbox: 2.65, d2.loss_cls: 0.89, d2.loss_bbox: 2.58, d3.loss_cls: 0.89, d3.loss_bbox: 2.55, d4.loss_cls: 0.89, d4.loss_bbox: 2.52, loss: 30.35, eta: 6 days, 9:38:04, time: 7.84s, data: 70ms, mem: 31044M
[2026-01-19 15:03:31,445][INFO] - Epoch [1/20][950/3517] loss: 30.83, loss_depth: 1.24, loss_cls_dn: 0.16, loss_bbox_dn: 1.28, d0.loss_cls_dn: 0.12, d0.loss_bbox_dn: 1.16, d1.loss_cls_dn: 0.13, d1.loss_bbox_dn: 1.16, d2.loss_cls_dn: 0.14, d2.loss_bbox_dn: 1.18, d3.loss_cls_dn: 0.14, d3.loss_bbox_dn: 1.21, d4.loss_cls_dn: 0.15, d4.loss_bbox_dn: 1.24, loss_cls: 0.88, loss_bbox: 2.62, d0.loss_cls: 1.01, d0.loss_bbox: 2.87, d1.loss_cls: 0.90, d1.loss_bbox: 2.72, d2.loss_cls: 0.88, d2.loss_bbox: 2.66, d3.loss_cls: 0.88, d3.loss_bbox: 2.63, d4.loss_cls: 0.88, d4.loss_bbox: 2.62, loss: 30.83, eta: 6 days, 9:34:24, time: 8.01s, data: 72ms, mem: 31047M
[2026-01-19 15:10:07,906][INFO] - Epoch [1/20][1000/3517] loss: 29.67, loss_depth: 1.21, loss_cls_dn: 0.15, loss_bbox_dn: 1.21, d0.loss_cls_dn: 0.12, d0.loss_bbox_dn: 1.14, d1.loss_cls_dn: 0.13, d1.loss_bbox_dn: 1.13, d2.loss_cls_dn: 0.13, d2.loss_bbox_dn: 1.14, d3.loss_cls_dn: 0.14, d3.loss_bbox_dn: 1.16, d4.loss_cls_dn: 0.14, d4.loss_bbox_dn: 1.18, loss_cls: 0.88, loss_bbox: 2.47, d0.loss_cls: 0.98, d0.loss_bbox: 2.74, d1.loss_cls: 0.87, d1.loss_bbox: 2.60, d2.loss_cls: 0.87, d2.loss_bbox: 2.54, d3.loss_cls: 0.86, d3.loss_bbox: 2.51, d4.loss_cls: 0.87, d4.loss_bbox: 2.48, loss: 29.67, eta: 6 days, 9:27:20, time: 7.96s, data: 71ms, mem: 31047M
[2026-01-19 15:16:44,762][INFO] - Epoch [1/20][1050/3517] loss: 30.45, loss_depth: 1.21, loss_cls_dn: 0.15, loss_bbox_dn: 1.25, d0.loss_cls_dn: 0.12, d0.loss_bbox_dn: 1.18, d1.loss_cls_dn: 0.13, d1.loss_bbox_dn: 1.17, d2.loss_cls_dn: 0.13, d2.loss_bbox_dn: 1.18, d3.loss_cls_dn: 0.14, d3.loss_bbox_dn: 1.20, d4.loss_cls_dn: 0.15, d4.loss_bbox_dn: 1.22, loss_cls: 0.89, loss_bbox: 2.57, d0.loss_cls: 1.00, d0.loss_bbox: 2.79, d1.loss_cls: 0.89, d1.loss_bbox: 2.65, d2.loss_cls: 0.89, d2.loss_bbox: 2.61, d3.loss_cls: 0.89, d3.loss_bbox: 2.60, d4.loss_cls: 0.89, d4.loss_bbox: 2.57, loss: 30.45, eta: 6 days, 9:17:20, time: 7.91s, data: 70ms, mem: 31047M
